Fold 0
Train size: 6820 | Val size: 1705
Zero-shot Val Acc: 0.8762
Epoch 1, EMA ACC: 0.8785, Time: 109.74s
New best EMA model saved with val acc: 0.8785
Epoch 2, EMA ACC: 0.8756, Time: 110.72s
Epoch 3, EMA ACC: 0.8773, Time: 110.53s
Epoch 4, EMA ACC: 0.8872, Time: 110.59s
New best EMA model saved with val acc: 0.8872
Epoch 5, EMA ACC: 0.8877, Time: 110.36s
New best EMA model saved with val acc: 0.8877
Epoch 6, EMA ACC: 0.8848, Time: 110.43s
Epoch 7, EMA ACC: 0.8866, Time: 110.54s
Epoch 8, EMA ACC: 0.8860, Time: 110.40s
Epoch 9, EMA ACC: 0.8808, Time: 110.49s
Epoch 10, EMA ACC: 0.8791, Time: 110.47s
Epoch 11, EMA ACC: 0.8848, Time: 110.32s
Epoch 12, EMA ACC: 0.8791, Time: 110.40s
Epoch 13, EMA ACC: 0.8877, Time: 110.51s
Epoch 14, EMA ACC: 0.8854, Time: 110.42s
Epoch 15, EMA ACC: 0.8866, Time: 110.35s
Epoch 16, EMA ACC: 0.8872, Time: 110.50s
Epoch 17, EMA ACC: 0.8877, Time: 110.38s
Epoch 18, EMA ACC: 0.8912, Time: 110.48s
New best EMA model saved with val acc: 0.8912
Epoch 19, EMA ACC: 0.8889, Time: 110.58s
Epoch 20, EMA ACC: 0.8825, Time: 110.55s
Epoch 21, EMA ACC: 0.8872, Time: 110.46s
Epoch 22, EMA ACC: 0.8808, Time: 110.46s
Epoch 23, EMA ACC: 0.8819, Time: 110.46s
Epoch 24, EMA ACC: 0.8906, Time: 110.39s
Epoch 25, EMA ACC: 0.8900, Time: 110.59s
Epoch 26, EMA ACC: 0.8819, Time: 110.46s
Epoch 27, EMA ACC: 0.8883, Time: 110.41s
Epoch 28, EMA ACC: 0.8895, Time: 110.45s
Epoch 29, EMA ACC: 0.8831, Time: 110.55s
Epoch 30, EMA ACC: 0.8831, Time: 110.51s
