Fold 1
Train size: 6820 | Val size: 1705
Zero-shot Val Acc: 0.8872
Epoch 1, EMA ACC: 0.8918, Time: 110.59s
New best EMA model saved with val acc: 0.8918
Epoch 2, EMA ACC: 0.8929, Time: 110.35s
New best EMA model saved with val acc: 0.8929
Epoch 3, EMA ACC: 0.8929, Time: 110.41s
Epoch 4, EMA ACC: 0.9022, Time: 110.44s
New best EMA model saved with val acc: 0.9022
Epoch 5, EMA ACC: 0.8987, Time: 110.35s
Epoch 6, EMA ACC: 0.8993, Time: 110.47s
Epoch 7, EMA ACC: 0.8912, Time: 110.48s
Epoch 8, EMA ACC: 0.8953, Time: 110.38s
Epoch 9, EMA ACC: 0.8999, Time: 110.51s
Epoch 10, EMA ACC: 0.9010, Time: 110.39s
Epoch 11, EMA ACC: 0.9010, Time: 110.45s
Epoch 12, EMA ACC: 0.8970, Time: 110.48s
Epoch 13, EMA ACC: 0.9005, Time: 110.40s
Epoch 14, EMA ACC: 0.8947, Time: 110.45s
Epoch 15, EMA ACC: 0.8981, Time: 110.68s
Epoch 16, EMA ACC: 0.8947, Time: 110.74s
Epoch 17, EMA ACC: 0.9010, Time: 110.44s
Epoch 18, EMA ACC: 0.9039, Time: 110.45s
New best EMA model saved with val acc: 0.9039
Epoch 19, EMA ACC: 0.8953, Time: 110.39s
Epoch 20, EMA ACC: 0.8929, Time: 110.34s
Epoch 21, EMA ACC: 0.8906, Time: 110.51s
Epoch 22, EMA ACC: 0.8947, Time: 110.32s
Epoch 23, EMA ACC: 0.8964, Time: 110.51s
Epoch 24, EMA ACC: 0.8918, Time: 110.39s
Epoch 25, EMA ACC: 0.8924, Time: 110.35s
Epoch 26, EMA ACC: 0.8964, Time: 110.44s
Epoch 27, EMA ACC: 0.8953, Time: 110.36s
Epoch 28, EMA ACC: 0.8958, Time: 110.36s
Epoch 29, EMA ACC: 0.9028, Time: 110.29s
Epoch 30, EMA ACC: 0.9005, Time: 110.38s
