Fold 3
Train size: 6820 | Val size: 1705
Zero-shot Val Acc: 0.8872
Epoch 1, EMA ACC: 0.8964, Time: 110.38s
New best EMA model saved with val acc: 0.8964
Epoch 2, EMA ACC: 0.8958, Time: 110.40s
Epoch 3, EMA ACC: 0.8935, Time: 110.48s
Epoch 4, EMA ACC: 0.8947, Time: 110.27s
Epoch 5, EMA ACC: 0.9010, Time: 110.39s
New best EMA model saved with val acc: 0.9010
Epoch 6, EMA ACC: 0.9028, Time: 110.27s
New best EMA model saved with val acc: 0.9028
Epoch 7, EMA ACC: 0.9091, Time: 110.38s
New best EMA model saved with val acc: 0.9091
Epoch 8, EMA ACC: 0.8947, Time: 110.35s
Epoch 9, EMA ACC: 0.9028, Time: 110.32s
Epoch 10, EMA ACC: 0.8947, Time: 110.51s
Epoch 11, EMA ACC: 0.9022, Time: 110.39s
Epoch 12, EMA ACC: 0.8900, Time: 110.35s
Epoch 13, EMA ACC: 0.9132, Time: 110.44s
New best EMA model saved with val acc: 0.9132
Epoch 14, EMA ACC: 0.9155, Time: 110.35s
New best EMA model saved with val acc: 0.9155
Epoch 15, EMA ACC: 0.9062, Time: 110.36s
Epoch 16, EMA ACC: 0.9086, Time: 110.31s
Epoch 17, EMA ACC: 0.9068, Time: 110.32s
Epoch 18, EMA ACC: 0.9097, Time: 110.39s
Epoch 19, EMA ACC: 0.9103, Time: 110.33s
Epoch 20, EMA ACC: 0.9097, Time: 110.42s
Epoch 21, EMA ACC: 0.9115, Time: 110.41s
Epoch 22, EMA ACC: 0.9051, Time: 110.51s
Epoch 23, EMA ACC: 0.9034, Time: 110.30s
Epoch 24, EMA ACC: 0.9045, Time: 110.32s
Epoch 25, EMA ACC: 0.9115, Time: 110.36s
Epoch 26, EMA ACC: 0.9051, Time: 110.28s
Epoch 27, EMA ACC: 0.9120, Time: 110.46s
Epoch 28, EMA ACC: 0.9115, Time: 110.51s
Epoch 29, EMA ACC: 0.9109, Time: 110.35s
Epoch 30, EMA ACC: 0.9057, Time: 110.35s
