Fold 3
Train size: 6820 | Val size: 1705
Zero-shot Val Acc: 0.0312
Epoch 1, EMA ACC: 0.2859, Time: 329.52s
New best EMA model saved with val acc: 0.2859
Epoch 2, EMA ACC: 0.8524, Time: 331.99s
New best EMA model saved with val acc: 0.8524
Epoch 3, EMA ACC: 0.8970, Time: 332.00s
New best EMA model saved with val acc: 0.8970
Epoch 4, EMA ACC: 0.9086, Time: 331.75s
New best EMA model saved with val acc: 0.9086
Epoch 5, EMA ACC: 0.9115, Time: 331.15s
New best EMA model saved with val acc: 0.9115
Epoch 6, EMA ACC: 0.9091, Time: 331.45s
Epoch 7, EMA ACC: 0.9097, Time: 331.62s
Epoch 8, EMA ACC: 0.9086, Time: 331.38s
Epoch 9, EMA ACC: 0.9149, Time: 331.36s
New best EMA model saved with val acc: 0.9149
Epoch 10, EMA ACC: 0.9051, Time: 331.44s
Epoch 11, EMA ACC: 0.9097, Time: 331.57s
Epoch 12, EMA ACC: 0.9051, Time: 331.47s
Epoch 13, EMA ACC: 0.9207, Time: 331.61s
New best EMA model saved with val acc: 0.9207
Epoch 14, EMA ACC: 0.9144, Time: 331.63s
Epoch 15, EMA ACC: 0.9097, Time: 331.78s
Epoch 16, EMA ACC: 0.9225, Time: 331.73s
New best EMA model saved with val acc: 0.9225
Epoch 17, EMA ACC: 0.9138, Time: 331.61s
Epoch 18, EMA ACC: 0.9115, Time: 331.69s
Epoch 19, EMA ACC: 0.9074, Time: 331.56s
Epoch 20, EMA ACC: 0.9167, Time: 331.54s
Epoch 21, EMA ACC: 0.9161, Time: 331.45s
Epoch 22, EMA ACC: 0.9172, Time: 331.56s
Epoch 23, EMA ACC: 0.9172, Time: 331.40s
Epoch 24, EMA ACC: 0.9184, Time: 331.52s
Epoch 25, EMA ACC: 0.9219, Time: 331.53s
Epoch 26, EMA ACC: 0.9138, Time: 331.46s
Epoch 27, EMA ACC: 0.9184, Time: 331.54s
Epoch 28, EMA ACC: 0.9201, Time: 331.54s
Epoch 29, EMA ACC: 0.9138, Time: 331.48s
Epoch 30, EMA ACC: 0.9207, Time: 331.47s
